// Jest Snapshot v1, https://goo.gl/fbAQLP

exports[`测试 generateAppConfig 函数 1`] = `
{
  "port": 8082,
  "server": "http://localhost",
  "time": Any<Date>,
}
`;

exports[`测试 generateConfig 函数 1`] = `
{
  "port": 8080,
  "server": "http://localhost",
}
`;
