// Jest Snapshot v1, https://goo.gl/fbAQLP

exports[`Header.vue header 样式发生改变，做提示 1`] = `
<div class="header">
  <div class="header-content">
    TodoList
    <input placeholder="请输入待办事项" type="text" data-test="input" class="header-input">
  </div>
</div>
`;
